PS D:\Prashil> git init
Initialized empty Git repository in D:/Prashil/.git/
PS D:\Prashil> git add .
PS D:\Prashil> git commit -m "first commit"
Author identity unknown

*** Please tell me who you are.

Run

  git config --global user.email "you@example.com"
  git config --global user.name "Your Name"

to set your account's default identity.
Omit --global to set the identity only in this repository.

fatal: unable to auto-detect email address (got 'Computer@WPUDESK48766.(none)')
PS D:\Prashil> git config --global user.email "you@example.com"
PS D:\Prashil>   git config --global user.name "Your Name"
PS D:\Prashil> git commit -m "first commit"
[master (root-commit) e650f81] first commit
 1 file changed, 0 insertions(+), 0 deletions(-)
 create mode 100644 test1.txt
PS D:\Prashil> git status
On branch master
nothing to commit, working tree clean
PS D:\Prashil> git branch -M main
PS D:\Prashil> git status        
On branch main
nothing to commit, working tree clean
PS D:\Prashil> git remote add origin <https://github.com/Prashil1630/Pub_test_lab1.git>
At line:1 char:23
+ git remote add origin <https://github.com/Prashil1630/Pub_test_lab1.g ...
+                       ~
The '<' operator is reserved for future use.
    + CategoryInfo          : ParserError: (:) [], ParentContainsErrorRecordException
    + FullyQualifiedErrorId : RedirectionNotSupported

PS D:\Prashil> git remote add origin https://github.com/Prashil1630/Prashil.git        
PS D:\Prashil> git push -u origin main
info: please complete authentication in your browser...
PS D:\Prashil> git remote add origin <https://github.com/Prashil1630/Prashil.git> 
At line:1 char:23
+ git remote add origin <https://github.com/Prashil1630/Prashil.git>
+                       ~
The '<' operator is reserved for future use.
    + CategoryInfo          : ParserError: (:) [], ParentContainsErrorRecordException
    + FullyQualifiedErrorId : RedirectionNotSupported

PS D:\Prashil> git remote add origin https://github.com/Prashil1630/Prashil.git
error: remote origin already exists.
PS D:\Prashil> git push -u origin main
info: please complete authentication in your browser...
To https://github.com/Prashil1630/Prashil.git
 ! [rejected]        main -> main (fetch first)
error: failed to push some refs to 'https://github.com/Prashil1630/Prashil.git'
hint: Updates were rejected because the remote contains work that you do not
hint: have locally. This is usually caused by another repository pushing to
hint: the same ref. If you want to integrate the remote changes, use
hint: 'git pull' before pushing again.
hint: See the 'Note about fast-forwards' in 'git push --help' for details.
PS D:\Prashil> git status
On branch main
nothing to commit, working tree clean
PS D:\Prashil> git branch develop
PS D:\Prashil> git checkout develope
error: pathspec 'develope' did not match any file(s) known to git
PS D:\Prashil> git checkout develop 
Switched to branch 'develop'
PS D:\Prashil> git push origin develop
Enumerating objects: 3, done.
Counting objects: 100% (3/3), done.
Writing objects: 100% (3/3), 209 bytes | 104.00 KiB/s, done.
Total 3 (delta 0), reused 0 (delta 0), pack-reused 0 (from 0)
remote: 
remote: Create a pull request for 'develop' on GitHub by visiting:
remote:      https://github.com/Prashil1630/Prashil/pull/new/develop
remote:
To https://github.com/Prashil1630/Prashil.git
 * [new branch]      develop -> develop
PS D:\Prashil> git status
On branch develop
nothing to commit, working tree clean
PS D:\Prashil> git pull https://github.com/Prashil1630/Prashil.git develop
From https://github.com/Prashil1630/Prashil
 * branch            develop    -> FETCH_HEAD
Already up to date.
PS D:\Prashil> git status
On branch develop
nothing to commit, working tree clean
PS D:\Prashil> echo new.txt
new.txt
PS D:\Prashil> git status
On branch develop
nothing to commit, working tree clean
PS D:\Prashil> git add new.txt
fatal: pathspec 'new.txt' did not match any files
PS D:\Prashil> git add test1.txt
PS D:\Prashil> git commint -m "file"
git: 'commint' is not a git command. See 'git --help'.

The most similar command is
        commit
PS D:\Prashil> git commit -m "file" 
On branch develop
Changes not staged for commit:
  (use "git add <file>..." to update what will be committed)
  (use "git restore <file>..." to discard changes in working directory)
        modified:   test1.txt

no changes added to commit (use "git add" and/or "git commit -a")
PS D:\Prashil> git commit -m "file>"
On branch develop
Changes not staged for commit:
  (use "git add <file>..." to update what will be committed)
  (use "git restore <file>..." to discard changes in working directory)
        modified:   test1.txt

no changes added to commit (use "git add" and/or "git commit -a")
PS D:\Prashil> git commit -m "test1"
On branch develop
Changes not staged for commit:
  (use "git add <file>..." to update what will be committed)
  (use "git restore <file>..." to discard changes in working directory)
        modified:   test1.txt

no changes added to commit (use "git add" and/or "git commit -a")
PS D:\Prashil>
